[week2_q3:noise_n2_sc_n1_rep3] starting 1 reruns, variance_source=temp, max_workers=6, checkpoint_dir=project_1_llm_state_machine_modeling/state_machine_review_corpus/etl/out/phase14_combined/week3_noise/checkpoints_n2_rep3
[week2_q3:noise_n2_sc_n1_rep3:rerun0] task 5/62 done in 59.0s
[week2_q3:noise_n2_sc_n1_rep3:rerun0] task 10/62 done in 10.8s
[week2_q3:noise_n2_sc_n1_rep3:rerun0] task 15/62 done in 10.1s
[week2_q3:noise_n2_sc_n1_rep3:rerun0] task 20/62 done in 14.1s
[week2_q3:noise_n2_sc_n1_rep3:rerun0] task 25/62 done in 13.5s
[week2_q3:noise_n2_sc_n1_rep3:rerun0] task 30/62 done in 14.0s
[week2_q3:noise_n2_sc_n1_rep3:rerun0] task 35/62 done in 14.1s
[week2_q3:noise_n2_sc_n1_rep3:rerun0] task 40/62 done in 9.5s
[week2_q3:noise_n2_sc_n1_rep3:rerun0] task 45/62 done in 11.9s
[week2_q3:noise_n2_sc_n1_rep3:rerun0] task 50/62 done in 9.6s
[week2_q3:noise_n2_sc_n1_rep3:rerun0] task 55/62 done in 10.6s
[week2_q3:noise_n2_sc_n1_rep3:rerun0] task 60/62 done in 12.3s
[week2_q3:noise_n2_sc_n1_rep3:rerun0] task 62/62 done in 12.4s
[week2_q3:noise_n2_sc_n1_rep3] rerun 0/0 done elapsed=2.8min overrides={'rubric_temperature_override': 0.0}
[week2_q3:noise_n2_sc_n1_rep3] rerun 0 checkpoint saved → week2_q3_noise_n2_sc_n1_rep3_rerun0.json
[noise_n2_sc_n1_rep3] total elapsed_min=2.8
[noise_n2_sc_n1_rep3] HAI=83.4607 HAI_legacy=81.9443
[noise_n2_sc_n1_rep3] RAS=80.2785 SAS=71.1644
[noise_n2_sc_n1_rep3] disagreement_flag_count=0/62 mean_max_dim_std=0.0000
