[week2_q3:noise_n2_sc_n1_rep4] starting 1 reruns, variance_source=temp, max_workers=6, checkpoint_dir=project_1_llm_state_machine_modeling/state_machine_review_corpus/etl/out/phase14_combined/week3_noise/checkpoints_n2_rep4
[week2_q3:noise_n2_sc_n1_rep4:rerun0] task 5/62 done in 62.0s
[week2_q3:noise_n2_sc_n1_rep4:rerun0] task 10/62 done in 11.9s
[week2_q3:noise_n2_sc_n1_rep4:rerun0] task 15/62 done in 9.8s
[week2_q3:noise_n2_sc_n1_rep4:rerun0] task 20/62 done in 12.0s
[week2_q3:noise_n2_sc_n1_rep4:rerun0] task 25/62 done in 17.8s
[week2_q3:noise_n2_sc_n1_rep4:rerun0] task 30/62 done in 12.6s
[week2_q3:noise_n2_sc_n1_rep4:rerun0] task 35/62 done in 12.2s
[week2_q3:noise_n2_sc_n1_rep4:rerun0] task 40/62 done in 11.0s
[week2_q3:noise_n2_sc_n1_rep4:rerun0] task 45/62 done in 11.9s
[week2_q3:noise_n2_sc_n1_rep4:rerun0] task 50/62 done in 13.4s
[week2_q3:noise_n2_sc_n1_rep4:rerun0] task 55/62 done in 12.1s
[week2_q3:noise_n2_sc_n1_rep4:rerun0] task 60/62 done in 11.4s
[week2_q3:noise_n2_sc_n1_rep4:rerun0] task 62/62 done in 12.5s
[week2_q3:noise_n2_sc_n1_rep4] rerun 0/0 done elapsed=3.0min overrides={'rubric_temperature_override': 0.0}
[week2_q3:noise_n2_sc_n1_rep4] rerun 0 checkpoint saved → week2_q3_noise_n2_sc_n1_rep4_rerun0.json
[noise_n2_sc_n1_rep4] total elapsed_min=3.0
[noise_n2_sc_n1_rep4] HAI=83.5592 HAI_legacy=82.0796
[noise_n2_sc_n1_rep4] RAS=80.5246 SAS=71.1644
[noise_n2_sc_n1_rep4] disagreement_flag_count=0/62 mean_max_dim_std=0.0000
