[week2_q3:noise_n2_sc_n1_rep2] starting 1 reruns, variance_source=temp, max_workers=6, checkpoint_dir=project_1_llm_state_machine_modeling/state_machine_review_corpus/etl/out/phase14_combined/week3_noise/checkpoints_n2_rep2
[week2_q3:noise_n2_sc_n1_rep2:rerun0] task 5/62 done in 225.7s
[week2_q3:noise_n2_sc_n1_rep2:rerun0] task 10/62 done in 198.9s
[week2_q3:noise_n2_sc_n1_rep2:rerun0] task 15/62 done in 153.1s
[week2_q3:noise_n2_sc_n1_rep2:rerun0] task 20/62 done in 162.7s
[week2_q3:noise_n2_sc_n1_rep2:rerun0] task 25/62 done in 203.9s
[week2_q3:noise_n2_sc_n1_rep2:rerun0] task 30/62 done in 170.5s
[week2_q3:noise_n2_sc_n1_rep2:rerun0] task 35/62 done in 60.5s
[week2_q3:noise_n2_sc_n1_rep2:rerun0] task 40/62 done in 9.3s
[week2_q3:noise_n2_sc_n1_rep2:rerun0] task 45/62 done in 52.5s
[week2_q3:noise_n2_sc_n1_rep2:rerun0] task 50/62 done in 31.3s
[week2_q3:noise_n2_sc_n1_rep2:rerun0] task 55/62 done in 100.4s
[week2_q3:noise_n2_sc_n1_rep2:rerun0] task 60/62 done in 65.8s
[week2_q3:noise_n2_sc_n1_rep2:rerun0] task 62/62 done in 61.7s
[week2_q3:noise_n2_sc_n1_rep2] rerun 0/0 done elapsed=20.7min overrides={'rubric_temperature_override': 0.0}
[week2_q3:noise_n2_sc_n1_rep2] rerun 0 checkpoint saved → week2_q3_noise_n2_sc_n1_rep2_rerun0.json
[noise_n2_sc_n1_rep2] total elapsed_min=20.7
[noise_n2_sc_n1_rep2] HAI=82.9831 HAI_legacy=81.0049
[noise_n2_sc_n1_rep2] RAS=77.7800 SAS=72.9035
[noise_n2_sc_n1_rep2] disagreement_flag_count=0/62 mean_max_dim_std=0.0000
