[week2_q3:noise_n2_sc_n1_rep1] starting 1 reruns, variance_source=temp, max_workers=6, checkpoint_dir=project_1_llm_state_machine_modeling/state_machine_review_corpus/etl/out/phase14_combined/week3_noise/checkpoints_n2_rep1
[week2_q3:noise_n2_sc_n1_rep1:rerun0] task 5/62 done in 208.3s
[week2_q3:noise_n2_sc_n1_rep1:rerun0] task 10/62 done in 192.4s
[week2_q3:noise_n2_sc_n1_rep1:rerun0] task 15/62 done in 162.0s
[week2_q3:noise_n2_sc_n1_rep1:rerun0] task 20/62 done in 168.7s
[week2_q3:noise_n2_sc_n1_rep1:rerun0] task 25/62 done in 128.6s
[week2_q3:noise_n2_sc_n1_rep1:rerun0] task 30/62 done in 202.5s
[week2_q3:noise_n2_sc_n1_rep1:rerun0] task 35/62 done in 272.1s
[week2_q3:noise_n2_sc_n1_rep1:rerun0] task 40/62 done in 112.0s
[week2_q3:noise_n2_sc_n1_rep1:rerun0] task 45/62 done in 155.9s
[week2_q3:noise_n2_sc_n1_rep1:rerun0] task 50/62 done in 138.4s
[week2_q3:noise_n2_sc_n1_rep1:rerun0] task 55/62 done in 195.5s
[week2_q3:noise_n2_sc_n1_rep1:rerun0] task 60/62 done in 102.4s
[week2_q3:noise_n2_sc_n1_rep1:rerun0] task 62/62 done in 147.5s
[week2_q3:noise_n2_sc_n1_rep1] rerun 0/0 done elapsed=29.5min overrides={'rubric_temperature_override': 0.0}
[week2_q3:noise_n2_sc_n1_rep1] rerun 0 checkpoint saved → week2_q3_noise_n2_sc_n1_rep1_rerun0.json
[noise_n2_sc_n1_rep1] total elapsed_min=29.5
[noise_n2_sc_n1_rep1] HAI=82.4264 HAI_legacy=80.4179
[noise_n2_sc_n1_rep1] RAS=77.2119 SAS=71.8053
[noise_n2_sc_n1_rep1] disagreement_flag_count=0/62 mean_max_dim_std=0.0000
