*** This is NuSMV 2.6.0 (compiled on Wed Oct 14 15:36:56 2015)
*** Enabled addons are: compass
*** For more information on NuSMV see <http://nusmv.fbk.eu>
*** or email to <nusmv-users@list.fbk.eu>.
*** Please report bugs to <Please report bugs to <nusmv-users@fbk.eu>>

*** Copyright (c) 2010-2014, Fondazione Bruno Kessler

*** This version of NuSMV is linked to the CUDD library version 2.4.1
*** Copyright (c) 1995-2004, Regents of the University of Colorado

*** This version of NuSMV is linked to the MiniSat SAT solver. 
*** See http://minisat.se/MiniSat.html
*** Copyright (c) 2003-2006, Niklas Een, Niklas Sorensson
*** Copyright (c) 2007-2010, Niklas Sorensson

-- specification EF applicantLicenseLifecycle_Machine.applicantLicenseLifecycle.state = LicenseLifecycle_Licensed  is true
-- specification EF applicantLicenseLifecycle_Machine.applicantLicenseLifecycleLicensed.state = LicenseLifecycleLicensed_G  is true
-- specification AG (applicantLicenseLifecycle_Machine.applicantLicenseLifecycleLicensed.state = LicenseLifecycleLicensed_G2 -> applicantLicenseLifecycle_Machine.applicantLicenseLifecycle.state = LicenseLifecycle_Licensed)  is true
-- specification AG (applicantLicenseLifecycle_Machine.applicantLicenseLifecycle.state = LicenseLifecycle_Suspended -> ((applicantLicenseLifecycle_Machine.applicantLicenseLifecycle.suspensionCode = 1 | applicantLicenseLifecycle_Machine.applicantLicenseLifecycle.suspensionCode = 2) | applicantLicenseLifecycle_Machine.applicantLicenseLifecycle.suspensionCode = 3))  is true
-- specification AG (applicantLicenseLifecycle_Machine.applicantLicenseLifecycle.state = LicenseLifecycle_ExpiredG -> applicantLicenseLifecycle_Machine.applicantLicenseLifecycleLicensed.state = null)  is true
-- specification AG (applicantLicenseLifecycle_Machine.applicantLicenseLifecycle.state = LicenseLifecycle_ExpiredG -> EF applicantLicenseLifecycle_Machine.applicantLicenseLifecycleLicensed.state = LicenseLifecycleLicensed_G)  is true
-- specification AG applicantLicenseLifecycle_Machine.applicantLicenseLifecycle.state != LicenseLifecycle_Suspended  is false
-- as demonstrated by the following execution sequence
Trace Description: CTL Counterexample 
Trace Type: Counterexample 
  -> State: 1.1 <-
    applicantLicenseLifecycle_Machine.applicantLicenseLifecycle.state = LicenseLifecycle_NoLicense
    applicantLicenseLifecycle_Machine.applicantLicenseLifecycle.event = ev_null
    applicantLicenseLifecycle_Machine.applicantLicenseLifecycle.applicantId = 1
    applicantLicenseLifecycle_Machine.applicantLicenseLifecycle.nameCode = 101
    applicantLicenseLifecycle_Machine.applicantLicenseLifecycle.birthYear = 1990
    applicantLicenseLifecycle_Machine.applicantLicenseLifecycle.addressCode = 501
    applicantLicenseLifecycle_Machine.applicantLicenseLifecycle.feePaid = 0
    applicantLicenseLifecycle_Machine.applicantLicenseLifecycle.lastScore = 0
    applicantLicenseLifecycle_Machine.applicantLicenseLifecycle.suspensionCode = 0
    applicantLicenseLifecycle_Machine.applicantLicenseLifecycleLicensed.state = null
    applicantLicenseLifecycle_Machine.applicantLicenseLifecycle.g4 = FALSE
    applicantLicenseLifecycle_Machine.applicantLicenseLifecycle.g3 = FALSE
    applicantLicenseLifecycle_Machine.applicantLicenseLifecycle.g2 = FALSE
    applicantLicenseLifecycle_Machine.applicantLicenseLifecycle.g1 = FALSE
    applicantLicenseLifecycle_Machine.applicantLicenseLifecycle.t16 = FALSE
    applicantLicenseLifecycle_Machine.applicantLicenseLifecycle.t15 = FALSE
    applicantLicenseLifecycle_Machine.applicantLicenseLifecycle.t14 = FALSE
    applicantLicenseLifecycle_Machine.applicantLicenseLifecycle.t13 = FALSE
    applicantLicenseLifecycle_Machine.applicantLicenseLifecycle.t12 = FALSE
    applicantLicenseLifecycle_Machine.applicantLicenseLifecycle.t11 = FALSE
    applicantLicenseLifecycle_Machine.applicantLicenseLifecycle.t10 = FALSE
    applicantLicenseLifecycle_Machine.applicantLicenseLifecycle.t9 = FALSE
    applicantLicenseLifecycle_Machine.applicantLicenseLifecycle.t8 = FALSE
    applicantLicenseLifecycle_Machine.applicantLicenseLifecycle.t7 = FALSE
    applicantLicenseLifecycle_Machine.applicantLicenseLifecycle.t6 = FALSE
    applicantLicenseLifecycle_Machine.applicantLicenseLifecycle.t5 = FALSE
    applicantLicenseLifecycle_Machine.applicantLicenseLifecycle.t4 = FALSE
    applicantLicenseLifecycle_Machine.applicantLicenseLifecycle.t3 = FALSE
    applicantLicenseLifecycle_Machine.applicantLicenseLifecycle.t2 = FALSE
    applicantLicenseLifecycle_Machine.applicantLicenseLifecycle.t1 = FALSE
    applicantLicenseLifecycle_Machine.applicantLicenseLifecycle.licenseLifecycle_stable = TRUE
  -> State: 1.2 <-
    applicantLicenseLifecycle_Machine.applicantLicenseLifecycle.event = ev_payFee
    applicantLicenseLifecycle_Machine.applicantLicenseLifecycle.t1 = TRUE
    applicantLicenseLifecycle_Machine.applicantLicenseLifecycle.licenseLifecycle_stable = FALSE
  -> State: 1.3 <-
    applicantLicenseLifecycle_Machine.applicantLicenseLifecycle.event = ev_null
    applicantLicenseLifecycle_Machine.applicantLicenseLifecycle.feePaid = 1
    applicantLicenseLifecycle_Machine.applicantLicenseLifecycle.g1 = TRUE
    applicantLicenseLifecycle_Machine.applicantLicenseLifecycle.t1 = FALSE
    applicantLicenseLifecycle_Machine.applicantLicenseLifecycle.licenseLifecycle_stable = TRUE
  -> State: 1.4 <-
    applicantLicenseLifecycle_Machine.applicantLicenseLifecycle.event = ev_passG1Test
    applicantLicenseLifecycle_Machine.applicantLicenseLifecycle.t2 = TRUE
    applicantLicenseLifecycle_Machine.applicantLicenseLifecycle.licenseLifecycle_stable = FALSE
  -> State: 1.5 <-
    applicantLicenseLifecycle_Machine.applicantLicenseLifecycle.state = LicenseLifecycle_Licensed
    applicantLicenseLifecycle_Machine.applicantLicenseLifecycle.event = ev_null
    applicantLicenseLifecycle_Machine.applicantLicenseLifecycle.feePaid = 0
    applicantLicenseLifecycle_Machine.applicantLicenseLifecycle.lastScore = 80
    applicantLicenseLifecycle_Machine.applicantLicenseLifecycleLicensed.state = LicenseLifecycleLicensed_G1
    applicantLicenseLifecycle_Machine.applicantLicenseLifecycle.g1 = FALSE
    applicantLicenseLifecycle_Machine.applicantLicenseLifecycle.t2 = FALSE
    applicantLicenseLifecycle_Machine.applicantLicenseLifecycle.licenseLifecycle_stable = TRUE
  -> State: 1.6 <-
    applicantLicenseLifecycle_Machine.applicantLicenseLifecycle.event = ev_suspend
    applicantLicenseLifecycle_Machine.applicantLicenseLifecycle.t10 = TRUE
    applicantLicenseLifecycle_Machine.applicantLicenseLifecycle.licenseLifecycle_stable = FALSE
  -> State: 1.7 <-
    applicantLicenseLifecycle_Machine.applicantLicenseLifecycle.state = LicenseLifecycle_Suspended
    applicantLicenseLifecycle_Machine.applicantLicenseLifecycle.event = ev_null
    applicantLicenseLifecycle_Machine.applicantLicenseLifecycle.suspensionCode = 1
    applicantLicenseLifecycle_Machine.applicantLicenseLifecycleLicensed.state = null
    applicantLicenseLifecycle_Machine.applicantLicenseLifecycle.g2 = TRUE
    applicantLicenseLifecycle_Machine.applicantLicenseLifecycle.t10 = FALSE
    applicantLicenseLifecycle_Machine.applicantLicenseLifecycle.licenseLifecycle_stable = TRUE
