*** This is NuSMV 2.6.0 (compiled on Wed Oct 14 15:36:56 2015)
*** Enabled addons are: compass
*** For more information on NuSMV see <http://nusmv.fbk.eu>
*** or email to <nusmv-users@list.fbk.eu>.
*** Please report bugs to <Please report bugs to <nusmv-users@fbk.eu>>

*** Copyright (c) 2010-2014, Fondazione Bruno Kessler

*** This version of NuSMV is linked to the CUDD library version 2.4.1
*** Copyright (c) 1995-2004, Regents of the University of Colorado

*** This version of NuSMV is linked to the MiniSat SAT solver. 
*** See http://minisat.se/MiniSat.html
*** Copyright (c) 2003-2006, Niklas Een, Niklas Sorensson
*** Copyright (c) 2007-2010, Niklas Sorensson

-- specification EF garageDoorStatus_Machine.garageDoorStatus.state = Status_HalfOpen  is true
-- specification AG !(garageDoorStatus_Machine.garageDoorStatus.state = Status_HalfOpen)  is false
-- as demonstrated by the following execution sequence
Trace Description: CTL Counterexample 
Trace Type: Counterexample 
  -> State: 1.1 <-
    garageDoorStatus_Machine.garageDoorStatus.state = Status_Open
    garageDoorStatus_Machine.garageDoorStatus.event = ev_null
    garageDoorStatus_Machine.garageDoorStatus.t7 = FALSE
    garageDoorStatus_Machine.garageDoorStatus.t6 = FALSE
    garageDoorStatus_Machine.garageDoorStatus.t5 = FALSE
    garageDoorStatus_Machine.garageDoorStatus.t4 = FALSE
    garageDoorStatus_Machine.garageDoorStatus.t3 = FALSE
    garageDoorStatus_Machine.garageDoorStatus.t2 = FALSE
    garageDoorStatus_Machine.garageDoorStatus.t1 = FALSE
    garageDoorStatus_Machine.garageDoorStatus.status_stable = TRUE
  -> State: 1.2 <-
    garageDoorStatus_Machine.garageDoorStatus.event = ev_buttonOrObstacle
    garageDoorStatus_Machine.garageDoorStatus.t1 = TRUE
    garageDoorStatus_Machine.garageDoorStatus.status_stable = FALSE
  -> State: 1.3 <-
    garageDoorStatus_Machine.garageDoorStatus.state = Status_Closing
    garageDoorStatus_Machine.garageDoorStatus.event = ev_null
    garageDoorStatus_Machine.garageDoorStatus.t1 = FALSE
    garageDoorStatus_Machine.garageDoorStatus.status_stable = TRUE
  -> State: 1.4 <-
    garageDoorStatus_Machine.garageDoorStatus.event = ev_buttonOrObstacle
    garageDoorStatus_Machine.garageDoorStatus.t2 = TRUE
    garageDoorStatus_Machine.garageDoorStatus.status_stable = FALSE
  -> State: 1.5 <-
    garageDoorStatus_Machine.garageDoorStatus.state = Status_Opening
    garageDoorStatus_Machine.garageDoorStatus.event = ev_null
    garageDoorStatus_Machine.garageDoorStatus.t2 = FALSE
    garageDoorStatus_Machine.garageDoorStatus.status_stable = TRUE
  -> State: 1.6 <-
    garageDoorStatus_Machine.garageDoorStatus.event = ev_buttonOrObstacle
    garageDoorStatus_Machine.garageDoorStatus.t5 = TRUE
    garageDoorStatus_Machine.garageDoorStatus.status_stable = FALSE
  -> State: 1.7 <-
    garageDoorStatus_Machine.garageDoorStatus.state = Status_HalfOpen
    garageDoorStatus_Machine.garageDoorStatus.event = ev_null
    garageDoorStatus_Machine.garageDoorStatus.t5 = FALSE
    garageDoorStatus_Machine.garageDoorStatus.status_stable = TRUE
-- specification  G (garageDoorStatus_Machine.garageDoorStatus.state = Status_HalfOpen ->  X (garageDoorStatus_Machine.garageDoorStatus.state = Status_HalfOpen | garageDoorStatus_Machine.garageDoorStatus.state = Status_Opening))  is true
-- specification  G (garageDoorStatus_Machine.garageDoorStatus.state = Status_HalfOpen ->  F garageDoorStatus_Machine.garageDoorStatus.state = Status_Open)  is false
-- as demonstrated by the following execution sequence
Trace Description: LTL Counterexample 
Trace Type: Counterexample 
  -> State: 2.1 <-
    garageDoorStatus_Machine.garageDoorStatus.state = Status_Open
    garageDoorStatus_Machine.garageDoorStatus.event = ev_null
    garageDoorStatus_Machine.garageDoorStatus.t7 = FALSE
    garageDoorStatus_Machine.garageDoorStatus.t6 = FALSE
    garageDoorStatus_Machine.garageDoorStatus.t5 = FALSE
    garageDoorStatus_Machine.garageDoorStatus.t4 = FALSE
    garageDoorStatus_Machine.garageDoorStatus.t3 = FALSE
    garageDoorStatus_Machine.garageDoorStatus.t2 = FALSE
    garageDoorStatus_Machine.garageDoorStatus.t1 = FALSE
    garageDoorStatus_Machine.garageDoorStatus.status_stable = TRUE
  -> State: 2.2 <-
    garageDoorStatus_Machine.garageDoorStatus.event = ev_buttonOrObstacle
    garageDoorStatus_Machine.garageDoorStatus.t1 = TRUE
    garageDoorStatus_Machine.garageDoorStatus.status_stable = FALSE
  -> State: 2.3 <-
    garageDoorStatus_Machine.garageDoorStatus.state = Status_Closing
    garageDoorStatus_Machine.garageDoorStatus.event = ev_null
    garageDoorStatus_Machine.garageDoorStatus.t1 = FALSE
    garageDoorStatus_Machine.garageDoorStatus.status_stable = TRUE
  -> State: 2.4 <-
    garageDoorStatus_Machine.garageDoorStatus.event = ev_buttonOrObstacle
    garageDoorStatus_Machine.garageDoorStatus.t2 = TRUE
    garageDoorStatus_Machine.garageDoorStatus.status_stable = FALSE
  -> State: 2.5 <-
    garageDoorStatus_Machine.garageDoorStatus.state = Status_Opening
    garageDoorStatus_Machine.garageDoorStatus.event = ev_null
    garageDoorStatus_Machine.garageDoorStatus.t2 = FALSE
    garageDoorStatus_Machine.garageDoorStatus.status_stable = TRUE
  -> State: 2.6 <-
    garageDoorStatus_Machine.garageDoorStatus.event = ev_buttonOrObstacle
    garageDoorStatus_Machine.garageDoorStatus.t5 = TRUE
    garageDoorStatus_Machine.garageDoorStatus.status_stable = FALSE
  -> State: 2.7 <-
    garageDoorStatus_Machine.garageDoorStatus.state = Status_HalfOpen
    garageDoorStatus_Machine.garageDoorStatus.event = ev_null
    garageDoorStatus_Machine.garageDoorStatus.t5 = FALSE
    garageDoorStatus_Machine.garageDoorStatus.status_stable = TRUE
  -- Loop starts here
  -> State: 2.8 <-
    garageDoorStatus_Machine.garageDoorStatus.event = ev_reachBottom
    garageDoorStatus_Machine.garageDoorStatus.status_stable = FALSE
  -> State: 2.9 <-
    garageDoorStatus_Machine.garageDoorStatus.event = ev_null
    garageDoorStatus_Machine.garageDoorStatus.status_stable = TRUE
  -> State: 2.10 <-
    garageDoorStatus_Machine.garageDoorStatus.event = ev_reachBottom
    garageDoorStatus_Machine.garageDoorStatus.status_stable = FALSE
